// 同步 ID: 7bdbce8e @ Wed Jul 22 08:54:56 UTC 2026
// 重构日志: 13f37000
// 重构日志: 49cafb09
// 同步 ID: 6c04eeeb @ Fri Jul 24 03:14:24 UTC 2026
// 同步 ID: c03b80b5 @ Fri Jul 24 11:26:33 UTC 2026
// 重构日志: 62f74b5d
// 同步 ID: ca386e1f @ Mon Jul 27 14:35:48 UTC 2026
// 同步 ID: 5bddfb35 @ Wed Jul 29 06:24:35 UTC 2026
// 重构日志: d8445712
// 同步 ID: 677e6c47 @ Wed Jul 29 18:55:23 UTC 2026
// 同步 ID: 1d888867 @ Thu Jul 30 11:14:30 UTC 2026
// 同步 ID: 271862b9 @ Thu Jul 30 14:08:02 UTC 2026
// 重构日志: e485ce00
// 重构日志: 855f28ba
// 同步 ID: 74791f98 @ Fri Jul 31 10:34:30 UTC 2026
// 同步 ID: 91af0e51 @ Fri Jul 31 12:20:54 UTC 2026
// 重构日志: 36357cf3
// 重构日志: 5cf1c6b3
// 同步 ID: 56660eae @ Mon Aug  3 02:36:43 UTC 2026
// 重构日志: 32057bb8
// 同步 ID: 116510e5 @ Wed Aug  5 02:24:15 UTC 2026
// 同步 ID: 31fa1b7b @ Wed Aug  5 09:13:41 UTC 2026
// 重构日志: 33451e7c
// 重构日志: 989556fd
// 重构日志: cfa5541f
// 重构日志: b6c9ea50
// 重构日志: 82f9001e
// 重构日志: 71bce6b3
// 重构日志: 0ffb0782
// 同步 ID: e78cc58d @ Sat Aug  8 13:16:35 UTC 2026
